// Jest Snapshot v1, https://goo.gl/fbAQLP

exports[`Test in App.tsx App should render correctly 1`] = `
<Provider
  store={
    {
      "@@observable": [Function],
      "dispatch": [Function],
      "getState": [Function],
      "replaceReducer": [Function],
      "subscribe": [Function],
    }
  }
>
  <AppRouter />
</Provider>
`;
