// Jest Snapshot v1, https://goo.gl/fbAQLP

exports[`Shopping cart module test Shopping cart page should render correctly 1`] = `
<ContextProvider
  value={
    {
      "getServerState": undefined,
      "store": {
        "clearActions": [Function],
        "dispatch": [Function],
        "getActions": [Function],
        "getState": [Function],
        "replaceReducer": [Function],
        "subscribe": [Function],
      },
      "subscription": {
        "addNestedSub": [Function],
        "getListeners": [Function],
        "handleChangeWrapper": [Function],
        "isSubscribed": [Function],
        "notifyNestedSubs": [Function],
        "trySubscribe": [Function],
        "tryUnsubscribe": [Function],
      },
    }
  }
>
  <ShoppingCart />
</ContextProvider>
`;

exports[`Shopping cart module test Should add item to cart by  1`] = `
<ContextProvider
  value={
    {
      "getServerState": undefined,
      "store": {
        "clearActions": [Function],
        "dispatch": [Function],
        "getActions": [Function],
        "getState": [Function],
        "replaceReducer": [Function],
        "subscribe": [Function],
      },
      "subscription": {
        "addNestedSub": [Function],
        "getListeners": [Function],
        "handleChangeWrapper": [Function],
        "isSubscribed": [Function],
        "notifyNestedSubs": [Function],
        "trySubscribe": [Function],
        "tryUnsubscribe": [Function],
      },
    }
  }
>
  <ShoppingCart />
</ContextProvider>
`;
